<html>
<body>
<pre>
<h1>礦ision Build Log</h1>
<h2>Tool Versions:</h2>
IDE-Version: μVision V5.14.0.0
Copyright (C) 2015 ARM Ltd and ARM Germany GmbH. All rights reserved.
License Information: 1 Meumax, 1, LIC=YA3CX-HQJA3-ARHXW-Q47H1-2XWR7-EAURS
 
Tool Versions:
Toolchain:       MDK-ARM Standard  Version: 5.14.0.0
Toolchain Path:  C:\Keil_v5\ARM\ARMCC\Bin
C Compiler:      Armcc.exe V5.05 update 1 (build 106)
Assembler:       Armasm.exe V5.05 update 1 (build 106)
Linker/Locator:  ArmLink.exe V5.05 update 1 (build 106)
Library Manager: ArmAr.exe V5.05 update 1 (build 106)
Hex Converter:   FromElf.exe V5.05 update 1 (build 106)
CPU DLL:         SARMCM3.DLL V5.14.0.0
Dialog DLL:      DARMSTM.DLL V1.65.0.0
Target DLL:      STLink\ST-LINKIII-KEIL_SWO.dll V2.0.14.0_KEIL
Dialog DLL:      TARMSTM.DLL V1.64.0.0
 
<h2>Project:</h2>
E:\Work\项目\硕士项目\南药物联网项目\终端程序源码\20190114(T)\USER\gzy.uvprojx
Project File Date:  01/15/2019

<h2>Output:</h2>
Build target 'RS485'
compiling main.c...
main.c(84): warning:  #550-D: parameter "SoilHumidity0x" was set but never used
        void SolidSensor_Read(u8 *SoliAsk0x,u16 SoilHumidity0x,u16 SoilTemperature0x)
main.c(84): warning:  #550-D: parameter "SoilTemperature0x" was set but never used
        void SolidSensor_Read(u8 *SoliAsk0x,u16 SoilHumidity0x,u16 SoilTemperature0x)
main.c: 2 warnings, 0 errors
linking...
Program Size: Code=8088 RO-data=760 RW-data=200 ZI-data=2200  
FromELF: creating hex file...
"..\OBJ\RS485.axf" - 0 Error(s), 2 Warning(s).

<h2>Collection of Component include folders:</h2>
  E:\Work\项目\硕士项目\南药物联网项目\终端程序源码\20190114(T)\USER\RTE
  C:\Keil_v5\ARM\PACK\Keil\STM32F1xx_DFP\1.0.5\Device\Include

<h2>Collection of Component Files used:</h2>
</pre>
</body>
</html>
